../Core/Src/main.c:211:5:main	40	static
../Core/Src/main.c:302:6:SystemClock_Config	88	static
../Core/Src/main.c:349:13:MX_ADC1_Init	56	static
../Core/Src/main.c:417:13:MX_I2C1_Init	8	static
../Core/Src/main.c:465:13:MX_TIM2_Init	64	static
../Core/Src/main.c:524:13:MX_USART1_UART_Init	8	static
../Core/Src/main.c:572:13:MX_USART2_UART_Init	8	static
../Core/Src/main.c:620:13:MX_GPIO_Init	40	static
../Core/Src/main.c:642:6:lsm9ds1_self_test	96	static
../Core/Src/main.c:853:16:platform_write_imu	48	static
../Core/Src/main.c:859:9:platform_write_mag	48	static
../Core/Src/main.c:866:16:platform_read_imu	48	static
../Core/Src/main.c:872:16:platform_read_mag	48	static
../Core/Src/main.c:879:13:platform_delay	16	static
../Core/Src/main.c:883:8:sigmoid_function	16	static
../Core/Src/main.c:887:8:norm	40	static
../Core/Src/main.c:893:8:evalContinuous	64	static
../Core/Src/main.c:969:6:prepareData	40	static
../Core/Src/main.c:998:6:rotateZ	40	static
../Core/Src/main.c:1004:7:checkThreshold	16	static
../Core/Src/main.c:1018:6:Error_Handler	4	static,ignoring_inline_asm
