../Core/Src/main.c:211:5:main	40	static
../Core/Src/main.c:274:6:SystemClock_Config	88	static
../Core/Src/main.c:321:13:MX_ADC1_Init	56	static
../Core/Src/main.c:389:13:MX_I2C1_Init	8	static
../Core/Src/main.c:437:13:MX_TIM2_Init	64	static
../Core/Src/main.c:496:13:MX_USART1_UART_Init	8	static
../Core/Src/main.c:544:13:MX_USART2_UART_Init	8	static
../Core/Src/main.c:592:13:MX_GPIO_Init	40	static
../Core/Src/main.c:617:6:lsm9ds1_self_test	96	static
../Core/Src/main.c:803:16:platform_write_imu	48	static
../Core/Src/main.c:809:9:platform_write_mag	48	static
../Core/Src/main.c:816:16:platform_read_imu	48	static
../Core/Src/main.c:822:16:platform_read_mag	48	static
../Core/Src/main.c:829:13:platform_delay	16	static
../Core/Src/main.c:833:8:sigmoid_function	16	static
../Core/Src/main.c:837:8:norm	40	static
../Core/Src/main.c:843:8:evalContinuous	64	static
../Core/Src/main.c:919:6:prepareData	40	static
../Core/Src/main.c:948:6:rotateZ	40	static
../Core/Src/main.c:954:7:checkThreshold	16	static
../Core/Src/main.c:968:6:Error_Handler	4	static,ignoring_inline_asm
